[integrio.wgl-demo.net/home-4/index.html]
[backblue.gif]
[fade.gif]
[index.html]
[integrio.wgl-demo.net/wp-includes/js/jquery/jquery.minf43b.js]
[integrio.wgl-demo.net/wp-includes/js/jquery/jquery-migrate.min5589.js]
[integrio.wgl-demo.net/wp-content/plugins/revslider/public/assets/js/rbtools.minec8f.js]
[integrio.wgl-demo.net/wp-content/plugins/revslider/public/assets/js/rs6.minec8f.js]
[integrio.wgl-demo.net/wp-content/plugins/woocommerce/assets/js/jquery-blockui/jquery.blockUI.min2bc8.js]
[integrio.wgl-demo.net/wp-content/plugins/woocommerce/assets/js/frontend/add-to-cart.min8833.js]
[integrio.wgl-demo.net/wp-content/plugins/woocommerce/assets/js/js-cookie/js.cookie.min0c4a.js]
[integrio.wgl-demo.net/wp-content/plugins/woocommerce/assets/js/frontend/woocommerce.min8833.js]
[integrio.wgl-demo.net/wp-content/plugins/js_composer/assets/js/vendors/woocommerce-add-to-cart19c5.js]
[integrio.wgl-demo.net/wp-content/themes/integrio/js/swipebox/js/jquery.swipebox.min84fc.js]
[integrio.wgl-demo.net/wp-content/uploads/2019/05/cropped-favicon-32x32.png]
[integrio.wgl-demo.net/wp-content/uploads/2019/05/cropped-favicon-192x192.png]
[integrio.wgl-demo.net/wp-content/uploads/2019/05/cropped-favicon-180x180.png]
[integrio.wgl-demo.net/wp-content/uploads/2019/05/integrio_services_layers_3_1dc59.png]
[integrio.wgl-demo.net/wp-content/uploads/2019/05/logo_01-2.png]
[integrio.wgl-demo.net/wp-content/uploads/2019/05/logo_03.png]
[integrio.wgl-demo.net/wp-content/plugins/revslider/public/assets/assets/dummy.png]
[integrio.wgl-demo.net/wp-content/uploads/2019/05/integrio_home_4_layers_1_1.png]
[integrio.wgl-demo.net/wp-content/uploads/2019/05/integrio_home_4_layers_1_2.png]
[integrio.wgl-demo.net/wp-content/uploads/2019/05/integrio_home_4_layers_1_3.png]
[integrio.wgl-demo.net/wp-content/uploads/2019/05/integrio_home_4_layers_1_4.png]
[integrio.wgl-demo.net/wp-content/uploads/2019/05/integrio_home_4_layers_2_1.png]
[integrio.wgl-demo.net/wp-content/uploads/2019/05/integrio_home_4_layers_2_2.png]
[integrio.wgl-demo.net/wp-content/uploads/2019/05/integrio_home_4_layers_2_3.png]
[integrio.wgl-demo.net/wp-content/uploads/2019/05/integrio_services_layers_1.jpg]
[integrio.wgl-demo.net/wp-content/uploads/2019/05/integrio_services_layers_2.jpg]
[integrio.wgl-demo.net/wp-content/uploads/2019/05/integrio_services_layers_3.jpg]
[integrio.wgl-demo.net/wp-content/uploads/2019/05/integrio_services_layers_4.jpg]
[integrio.wgl-demo.net/wp-content/uploads/2019/05/integrio_services_layers_5.jpg]
[integrio.wgl-demo.net/wp-content/uploads/2019/05/integrio_services_layers_6.jpg]
[integrio.wgl-demo.net/wp-content/uploads/2019/05/portfolio_01-740x740.jpg]
[integrio.wgl-demo.net/wp-content/uploads/2019/05/portfolio_01.jpg]
[integrio.wgl-demo.net/wp-content/uploads/2019/05/portfolio_02-740x740.jpg]
[integrio.wgl-demo.net/wp-content/uploads/2019/05/portfolio_02.jpg]
[integrio.wgl-demo.net/wp-content/uploads/2019/05/portfolio_03-740x740.jpg]
[integrio.wgl-demo.net/wp-content/uploads/2019/05/portfolio_03.jpg]
[integrio.wgl-demo.net/wp-content/uploads/2019/05/partners_1.png]
[integrio.wgl-demo.net/wp-content/uploads/2019/05/partners_2.png]
[integrio.wgl-demo.net/wp-content/uploads/2019/05/partners_3.png]
[integrio.wgl-demo.net/wp-content/uploads/2019/05/partners_4.png]
[integrio.wgl-demo.net/wp-content/uploads/2019/05/partners_5.png]
[integrio.wgl-demo.net/wp-content/uploads/2019/05/partners_6.png]
[integrio.wgl-demo.net/wp-content/uploads/2019/05/partners_7.png]
[integrio.wgl-demo.net/wp-content/uploads/2019/05/integrio_home_4_layers_4_1.png]
[integrio.wgl-demo.net/wp-content/uploads/2019/05/integrio_home_4_layers_4_3.png]
[integrio.wgl-demo.net/wp-content/uploads/2019/05/integrio_home_4_layers_4_2.png]
[integrio.wgl-demo.net/wp-content/uploads/2019/05/integrio_home_4_layers_4_4.png]
[integrio.wgl-demo.net/wp-content/uploads/2019/05/integrio_home_4_layers_3_1.png]
[integrio.wgl-demo.net/wp-content/uploads/2019/05/integrio_home_4_layers_3_2.png]
[integrio.wgl-demo.net/wp-content/uploads/2019/05/integrio_home_4_layers_3_3.png]
[integrio.wgl-demo.net/wp-content/uploads/2019/05/logo_01-2-300x38.png]
[integrio.wgl-demo.net/wp-content/uploads/2019/05/blog_01-180x180.jpg]
[integrio.wgl-demo.net/wp-content/uploads/2019/05/blog_02-180x180.jpg]
[integrio.wgl-demo.net/wp-includes/js/dist/vendor/wp-polyfill-inert.min0226.js]
[integrio.wgl-demo.net/wp-includes/js/dist/vendor/regenerator-runtime.min6c85.js]
[integrio.wgl-demo.net/wp-includes/js/dist/vendor/wp-polyfill.min2c7c.js]
[integrio.wgl-demo.net/wp-includes/js/dist/vendor/react.min7a3b.js]
[integrio.wgl-demo.net/wp-includes/js/dist/vendor/react-dom.min7a3b.js]
[integrio.wgl-demo.net/wp-includes/js/dist/escape-html.min0311.js]
[integrio.wgl-demo.net/wp-includes/js/dist/element.min0eb1.js]
[integrio.wgl-demo.net/wp-includes/js/dist/hooks.min2ebd.js]
[integrio.wgl-demo.net/wp-includes/js/dist/i18n.minf92f.js]
[integrio.wgl-demo.net/wp-content/plugins/wgl-toolbar/includes/react/build/index7406.js]
[integrio.wgl-demo.net/wp-content/plugins/woocommerce/assets/js/frontend/order-attribution.min8833.js]
[integrio.wgl-demo.net/wp-includes/js/dist/deprecated.min664b.js]
[integrio.wgl-demo.net/wp-includes/js/dist/is-shallow-equal.mincc0f.js]
[integrio.wgl-demo.net/wp-includes/js/dist/keycodes.min3d5f.js]
[integrio.wgl-demo.net/wp-includes/js/dist/priority-queue.mind972.js]
[integrio.wgl-demo.net/wp-includes/js/dist/compose.min3e86.js]
[integrio.wgl-demo.net/wp-includes/js/dist/private-apis.min3089.js]
[integrio.wgl-demo.net/wp-includes/js/dist/redux-routine.min9528.js]
[integrio.wgl-demo.net/wp-includes/js/dist/data.min23f6.js]
[integrio.wgl-demo.net/wp-includes/js/dist/vendor/lodash.minf492.js]
[integrio.wgl-demo.net/wp-content/plugins/woocommerce/assets/client/blocks/wc-blocks-registry8d1b.js]
[integrio.wgl-demo.net/wp-includes/js/dist/url.min7dc0.js]
[integrio.wgl-demo.net/wp-includes/js/dist/api-fetch.min471f.js]
[integrio.wgl-demo.net/wp-content/plugins/woocommerce/assets/client/blocks/wc-settings8edc.js]
[integrio.wgl-demo.net/wp-includes/js/dist/data-controls.min0740.js]
[integrio.wgl-demo.net/wp-includes/js/dist/html-entities.min68f0.js]
[integrio.wgl-demo.net/wp-includes/js/dist/notices.min380b.js]
[integrio.wgl-demo.net/wp-content/plugins/woocommerce/assets/client/blocks/wc-blocks-middlewarece2b.js]
[integrio.wgl-demo.net/wp-content/plugins/woocommerce/assets/client/blocks/wc-blocks-data997f.js]
[integrio.wgl-demo.net/wp-includes/js/dist/dom-ready.minded6.js]
[integrio.wgl-demo.net/wp-includes/js/dist/a11y.min866e.js]
[integrio.wgl-demo.net/wp-includes/js/dist/primitives.minfde7.js]
[integrio.wgl-demo.net/wp-includes/js/dist/warning.minb0b0.js]
[integrio.wgl-demo.net/wp-content/plugins/woocommerce/assets/client/blocks/blocks-componentsf69d.js]
[integrio.wgl-demo.net/wp-content/plugins/woocommerce/assets/client/blocks/blocks-checkout297b.js]
[integrio.wgl-demo.net/wp-content/plugins/woocommerce/assets/js/frontend/order-attribution-blocks.min8833.js]
[integrio.wgl-demo.net/wp-content/themes/integrio/js/theme-addons.min84fc.js]
[integrio.wgl-demo.net/wp-content/themes/integrio/js/theme84fc.js]
[integrio.wgl-demo.net/wp-content/plugins/js_composer/assets/js/dist/js_composer_front.min19c5.js]
[integrio.wgl-demo.net/wp-content/themes/integrio/js/jquery.appear84fc.js]
[integrio.wgl-demo.net/wp-content/plugins/js_composer/assets/lib/vc_accordion/vc-accordion.min19c5.js]
[integrio.wgl-demo.net/wp-content/plugins/js_composer/assets/lib/vc-tta-autoplay/vc-tta-autoplay.min19c5.js]
[integrio.wgl-demo.net/wp-content/themes/integrio/js/jquery.paroller.min84fc.js]
[integrio.wgl-demo.net/wp-content/plugins/js_composer/assets/lib/vc_waypoints/vc-waypoints.min19c5.js]
[integrio.wgl-demo.net/wp-content/plugins/js_composer/assets/lib/bower/progress-circle/ProgressCircle.min19c5.js]
[integrio.wgl-demo.net/wp-content/plugins/js_composer/assets/lib/vc_chart/jquery.vc_chart.min19c5.js]
[integrio.wgl-demo.net/wp-includes/js/imagesloaded.minbb93.js]
[integrio.wgl-demo.net/wp-content/themes/integrio/js/slick.min84fc.js]
[integrio.wgl-demo.net/home-4/index.html]
[integrio.wgl-demo.net/wp-content/cache/wpfc-minified/k26jrdx1/bpurw.css]
[integrio.wgl-demo.net/wp-content/cache/wpfc-minified/fhlpha7d/bpurw.css]
[integrio.wgl-demo.net/wp-content/cache/wpfc-minified/9j2zns32/bpurw.css]
[integrio.wgl-demo.net/wp-content/cache/wpfc-minified/1zbxx60k/bpurw.css]
[integrio.wgl-demo.net/wp-content/cache/wpfc-minified/ml917vel/bpurw.css]
[integrio.wgl-demo.net/wp-content/cache/wpfc-minified/897ynhgm/bpurw.css]
[integrio.wgl-demo.net/wp-content/plugins/revslider/public/assets/assets/gridtile.png]
[integrio.wgl-demo.net/wp-content/plugins/revslider/public/assets/assets/gridtile_white.png]
[integrio.wgl-demo.net/wp-content/plugins/revslider/public/assets/assets/gridtile_3x3.png]
[integrio.wgl-demo.net/wp-content/plugins/revslider/public/assets/assets/gridtile_3x3_white.png]
[integrio.wgl-demo.net/wp-content/plugins/revslider/public/assets/assets/coloredbg.png]
[integrio.wgl-demo.net/wp-content/plugins/revslider/public/assets/assets/loader.gif]
[integrio.wgl-demo.net/wp-content/cache/wpfc-minified/2dd1awy1/bq0pf.css]
[integrio.wgl-demo.net/wp-content/cache/wpfc-minified/mly7vyz3/bpurw.css]
[integrio.wgl-demo.net/wp-content/plugins/contact-form-7/includes/swv/js/index6281.js]
[integrio.wgl-demo.net/wp-content/plugins/contact-form-7/includes/js/index6281.js]
[integrio.wgl-demo.net/wp-content/themes/integrio/js/swipebox/img/loader.gif]
[integrio.wgl-demo.net/wp-includes/js/dist/dom.minbac8.js]
[integrio.wgl-demo.net/wp-content/plugins/woocommerce/assets/js/sourcebuster/sourcebuster.min8833.js]
